// Jest Snapshot v1, https://goo.gl/fbAQLP

exports[`Components / Divider Should match snapshot 1`] = `
<div
  class="Divider"
  role="separator"
/>
`;
